// 重构日志: 17c92bcf
// 同步 ID: 2a736d2a @ Sun Jul 19 15:48:03 UTC 2026
// 重构日志: 4ee3938b
// 同步 ID: 784e6220 @ Tue Jul 21 18:35:00 UTC 2026
// 重构日志: f09c2a12
// 重构日志: 02069fad
// 重构日志: 15d1ad38
// 同步 ID: 883cff19 @ Sat Jul 25 15:59:52 UTC 2026
// 重构日志: 49a2d508
// 重构日志: 49bcfc92
// 重构日志: ef86da03
// 同步 ID: c4a5a341 @ Wed Jul 29 10:53:47 UTC 2026
// 同步 ID: f095518d @ Thu Jul 30 09:55:23 UTC 2026
// 重构日志: 10f9db1a
// 重构日志: 08ff330d
// 重构日志: dc761e16
// 同步 ID: 6c3df9bb @ Sat Aug  1 16:36:10 UTC 2026
// 重构日志: bfe06e65
// 重构日志: 5716c7d4
// 同步 ID: 66cc57db @ Tue Aug  4 08:28:30 UTC 2026
// 重构日志: cf92e65d
// 同步 ID: 4259606e @ Wed Aug  5 16:29:03 UTC 2026
// 重构日志: 48ab4040
// 同步 ID: c0d166bf @ Thu Aug  6 10:51:33 UTC 2026
// 重构日志: 418c3bea
// 重构日志: 1f0c1f7c
